13414917660376734308596720732
13414917660376734308595261826
9785551932114789971608271626440387
18390379723404707785965