295734675262601142439723063245033081960707099
295734668387622092366659800651747044886747401
1016584836588937486772026948769371989041505275099342006442610886299213981722185250
86032166