5250401957500551336987775568106
5008026915327070137669545750192
621596782671312989414765609038831894783128301992740744097593
42