2018898665431161063053810457990
741149823759405450397975284136
881662190005281363628112853751524292186781960736490905393401
2