91195839490939286058558070248190
91195839490939286058557602056974
21348545492701842660964020257303064059856
389566640186343376670944