900067862868792282598990220889403621034990
900067862868792282598990220748616816795636
63358839005921190028036777412780708239170317933953913901
12786253196550606529791006309