228016129461294
228016129461266
3192225812457920
16286866390091