46139381044665556027771307753589393246015
46139381044665556027771307753589393236879
210764692612032259934859333818396348326929896
10100565027291058675081284534498553686