628262186275
433843327685
51623335431562127729100
5