38276654308588446028651506604307372
38276654308588446026948786669294286
32587211168419038530244531139561884440857645324147
44959424649355827871