5538992061684105822824883920846685140
5538991966722123139832331449316423948
262996831866995097809937168112077554850382731530980091976857228224
116657042