91579328515528306508079322469852129312692
91579328515528306508079225511769848713476
4439678034705309799497585271038130533451226133071992071072
1889049914384555256105264