1447351075259044701560991804159094
1447351075259044701560991791562774
9115648648153504977583376101615820081440
229805383676985770695090597