674195387286176138600887545772706668409377207723
674134950974401782789763941650633505001900749809
20372028174484729760808074789747984719560074209760778468674795124039487109244547810969327062
22309