361132915961116940820479977120878191519257477183
361132915961116940820479977120878191490928974857
5115177324899831891795485690152612315607353447077206861260
25496082482953422394101327834585941358