4082644952178285065025727801
4082644851014354113552588925
206508203462236961313212754531824623619927909994
80713449