690271034014003317775636952843778
690270896822955619577245245947370
47349498470704034676436865678675646329681783353868115849096
10062915