94980443480439216073102033500290681699
94980443480439216073102033500290679995
80923337845334212094282932542247660081644
111479393756384056423828677817242583