20215251020745839484477433800961793503714912509767
16647863870104460595451155321386039224342649906877
32876250598559059188380712523758134761810867430560843585797867011209724600866350384661133524625290
10