36643956584906087109190467
36643956584906087109112727
1424350592455299605932722575390
942731067273117754287