11968165665773824775747811417986953392462915
11968165665773824769796193654788193229718219
35614973684662505606781988705240107898466183812939269394033877441316
4021819324412193787