100107939069605178151619650784494725472006521439
100107939069605178151619650784494725349271059215
6143397087000010024811451896638212167782355068944282553624
1631279782641822662397857150624238079