16945320068811776006883019788122900759710716
16945320068811775663632084712839510955996596
2908248479384803765275808735499459096483917576651878716151940110411360
98734298073188057