23528229491168542895189489462958004860901
23527862309126050141236731353447506701845
4319537974739675027154396586329788288037689766916007394968205816938658031944
128154