6348237731728854046
6348110386699225484
404204206828940297044386723883965
99700