1966075855979655843546071343074294030720
845016275499842713113477596381867100006
787850441401627586519742686952946661508557168197803418871914875925407974629591
2