79954176592678423217022806242895463
79944289025406922744816689846507933
395251708852131047564876536712011888884208199349623423301828512970
16171