696223362200405555577518569075492714
696219658974005664523092128365469752
1289132939089284532785578850558733674083606747362150979757560036073
376008