3142524175864457626454533
152335218132567963896249
2463063044302272885290697315739948433524769994522
1