429766871172173582889023256930010065691697873
429766871172173582889023237167195291243852131
4246701535584828022459411358591655014904323134517533833429870742
43492475750755586457435081