10914464717186209862645370740540
10914464717186203222710910696140
36235665194291724646424557407464914722147148000
3287521822049196