9305151323613820993907482508934620793830
9305151323611881511917828965718331368400
9023586701573976969026963281256050198617663048475828178000711877225
9595501657919