40939023044526115598524008499226211396864
40939023044526115598524008499226211232812
3358064304250299158084530321157529209310901788
499098127965841508771901695794336080