62349453198813844589964282648274002
62349257918692222482614412009494236
6087794868286653675440835959616894477798281318607375926287968077
638563