523570862183645655981979418775539
508226538358746208327554438252393
3958058358902985439307050540423347994308428198626664427523628518
67