57547683978605504352357346939157123
57533491834220170493698836437352879
408312165792403139806743297295120980000020219138199547997228012122
8108