239402504483322663034023776136975942805944
239402504483322663024919191318745657739678
1089830203882583636811322139430108457361196526942323036006546863
52589439115106584488