51615232046724596444520046030129399663908135729
51615232046724535931803567175805078082670007311
1561688951416859735201678374554522347752202594029475174975562056451088873227680
1705930093710504