505495742100947642661804647554528097862095399
505429132522571964763838887483432795898972441
16834319917039420456302793472914413921841939574433484094166011167019613425810824867680
15176