246368448999484172717729
246368448999468957786449
1874239510543610348140485005721960
32385088629789