8390086360655735945818057321853696828694683268
871680155653793755252518119616523590798463050
17408430711375197480177253198625274087750580479983270688432189451171383208105222602155964331
1