39059546618686348387759880
39059546614769448514774736
76496166590959408247393852867429928436176
19944112886