7066026256595381756726728752995190694721
6969349858156431223274404813813459473461
339222403377568943912617427891372667484874975707190700907902626173454813487330
145