72867044117484298396292816245520026006
72867044117484298396292816245509997424
365376563514904460089845501864539713607419065
14531873821739563658410095514104