69186409105930189191999731777399819380951714
69186409105930189191999731776428426208297124
33603602722993971013213789508558455268458967280600133216605
142447797768353548240519148317