8634617010068411520647510637137103576096100358347
8634617010068411520647510637137103552674908336891
101116511512271270964062574270721710567885476709937361565256632
737333693533471366992801204314309215