45906548781817006500159
45877298860535517807213
671167579612740724135456614364459558049478
3137