70649010563911
70648882190751
4534714248564266417980
1100680