94070656071527759089392790738
94069959051448712886720157550
32784446606204563615366258683885359868578607759145536
269921