5880102509685031006004824043180
5880102507778859435170074449994
5604242117869461953668571869134934611057960224478091
6169541712